================================================================================
测试 1: 思考模式 + 工具调用（第一轮）
================================================================================

【第一轮 API 响应】
完成原因: tool_calls

思考内容 (reasoning_content):
  用户想知道纽约现在的天气。根据天气预报工具，我需要提供城市名称，并可以选择温度单位。这里我会默认使用摄氏度，因为用户没有指定单位。...

普通回复 (content):
  (无)

工具调用 (tool_calls):
  - 工具: get_weather
    参数: {"location": "纽约", "unit": "celsius"}

【第一轮保存的 assistant 消息】
{
  "role": "assistant",
  "content": "",
  "reasoning_content": "用户想知道纽约现在的天气。根据天气预报工具，我需要提供城市名称，并可以选择温度单位。这里我会默认使用摄氏度，因为用户没有指定单位。",
  "tool_calls": [
    {
      "id": "call_00_Qk9o7abaFHtdPWeXbKNS6404",
      "type": "function",
      "function": {
        "name": "get_weather",
        "arguments": "{\"location\": \"纽约\", \"unit\": \"celsius\"}"
      }
    }
  ]
}

================================================================================
执行工具...
================================================================================

执行 get_weather({'location': '纽约', 'unit': 'celsius'})
结果: {"location": "纽约", "temperature": 25, "unit": "celsius", "condition": "sunny", "humidity": 60}

================================================================================
测试 2: 思考模式 + 工具结果（第二轮，须回传 reasoning_content）
================================================================================

【第二轮 messages 结构】
  [0] role=user, has_reasoning=False
  [1] role=assistant, has_reasoning=True
  [2] role=tool, has_reasoning=False
  [3] role=user, has_reasoning=False

【第二轮 API 响应】
完成原因: stop

思考内容 (reasoning_content):
  用户提供了天气查询结果，纽约现在是25°C，晴天，湿度60%。我需要根据这个天气情况给出穿衣建议。

25°C是比较舒适的温度，晴天，湿度适中。这样的天气适合轻薄的夏装，比如短袖、短裤或者裙子。早晚可能会稍微凉一点，可以带一件薄外套或开衫。另外晴天紫外线较强，建议做好防晒。湿度60%不算闷热，体感应该比较舒适。...

最终回复 (content):
  纽约现在 25°C，晴天，湿度 60%。

这个温度体感比较舒适，但晴天紫外线较强，可以这样穿：
- **上衣**：短袖 T 恤、衬衫或薄款 polo 衫都非常合适
- **下装**：短裤、裙子或轻薄的休闲长裤都可以
- **鞋子**：透气的运动鞋、帆布鞋很舒服
- **备用**：长时间在空调房或早晚稍凉时，可以带一件**薄款开衫、防晒外套**，方便穿脱
- **防晒**：晴天记得涂抹防晒霜，佩戴太阳镜和遮阳帽会更舒服

整体就是**清凉夏装 + 防晒**的思路，享受好天气吧 ☀️

✅ 思考模式 + 工具调用测试完成
